[2, 4, 6, 8, 10]
[2, 3, 4, 5, 6]
[1, 4, 9, 16, 25]
[4, 5]
[2, 4]
[1, 2]
[]
[]
[4, 5]
[11, 12, 13, 14, 15]
[3, 5, 7, 9, 11]
[1, 4]
[21]
[42]
[]
