[1, 1, 2, 3, 4, 5, 6, 9]
[apple, banana, cherry, zebra]
[false, false, true, true]
[]
[42]
[-3, -1, 0, 2, 5]
[1.41, 2, 2.71, 3.14]
[3, 1, 2]
[1, 2, 3]
[1, 2, 5, 8]
[apple, café, naïve, zebra]
