4
Not found
2
3
Not found
1
banana
2
Empty not found
Empty not found
3
2
42
0
Single not found
20
3
