=== Testing Directory Operations ===

=== Directory Operations Complete ===
