hi1 and hi2 are equal
hi1 and hi3 are not equal
hi1 and bye are not equal
