MyOption { variant: 'Some', value: 'Felipe' }
MyOption { variant: 'None', value: undefined }
