0  factorial is  undefined
1  factorial is  undefined
2  factorial is  undefined
3  factorial is  undefined
4  factorial is  undefined
5  factorial is  undefined
6  factorial is  undefined
7  factorial is  undefined
8  factorial is  undefined
9  factorial is  undefined
