0 factorial is 1
1 factorial is 1
2 factorial is 2
3 factorial is 6
4 factorial is 24
5 factorial is 120
6 factorial is 720
7 factorial is 5040
8 factorial is 40320
9 factorial is 362880
