1
2
1
2
3
4
5
1
2
1
2
4
5
6
7
8
9
10
0
3
6
9
12
15
18
