9
6
12
6
0
1
1
0.6000000000000001
0.12000000000000002
0.6000000000000001
0.10000000000000003
