Done defining factorial
factorial(3) =  undefined
