H
o
None
None
o
H
None
c
é
é
👋
🌍
None
None
None
t
a
