5
72
101
111
5
99
195
169
4
240
159
145
139
0
true
13
true
