{ type: 'Some', value: 'H' }
{ type: 'Some', value: 'o' }
{ type: 'None' }
{ type: 'None' }
{ type: 'Some', value: 'o' }
{ type: 'Some', value: 'H' }
{ type: 'None' }
{ type: 'Some', value: 'c' }
{ type: 'Some', value: '√©' }
{ type: 'Some', value: '√©' }
{ type: 'Some', value: 'üëã' }
{ type: 'Some', value: 'üåç' }
{ type: 'None' }
{ type: 'None' }
{ type: 'None' }
{ type: 'Some', value: 't' }
{ type: 'Some', value: 'a' }
