
Hello
HelloHelloHello
AAAAA



cafÃ©cafÃ©

ğŸ‘‹ğŸ‘‹ğŸ‘‹
testtest
XXX
abababab
xxxxxxxxxx
