true
false
false
false
false
true
false
true
true
String is not empty
