Hello
World
Hello, World!
World
Hello
Hello, World
Hello, World!
World
World





Hello
ðŸ‘‹ 
ç•Œ
ä¸–ç•Œ


X
X

Hello


Hello, World!

es

