3
line1
line2
line3
3
line1
line2
line3
3
line1
line2
line3
0
true
1
just one line
2
line1
line2
4
line1


line2
2


3
  line1  
  line2  
  line3  

