Found split
s1: found
s2: found
s3: not found
s4: found
s5: found
s6: not found
s7: found
s8: found
