Error { message: 'Success', code: 0 }
Error { message: 'Error', code: 1 }
