Felipe
44
struct Person {name: String("Felipe"), age: Int(44)}
22
