felipe
44
struct person {age: Int(44), name: String("felipe")}
22
