=== Testing Basic Tuple Destructuring ===
1: one
2: two
3: three
=== Testing Coordinate Processing ===
Point at (0, 0)
Point at (10, 20)
Point at (30, 40)
=== Testing Mixed Data Types ===
ID 1: hello
ID 2: world
All tuple destructuring tests completed!
