Hello, World!
Hello, Alice! You are 30 years old.
This is on the same line!
The answer is 42
Use {} for placeholders
int: 42, float: 3.14, bool: true

123
true
