t1.0 = 1
t1.1 = 2
t1.2 = 3
t2.0 = 4.5
t2.1 = hello
t2.2 = true
nested.0.0 = 1
nested.0.1 = 2
nested.1.0 = 3
nested.1.1 = 4
Sum of t1 elements: 6
